[16:11:56.732] [INFO] storybook v10.5.6
[16:11:57.157] [DEBUG] Getting package.json info for /Users/zhanghuabin/Projects/learning/frontend/framework/canvas/fabric.js/package.json...
[16:11:57.243] [DEBUG] Could not determine @babel/preset-env version in use. In case of runtime errors with @babel/preset-env, you may need to set the babelRemoveBugfixes feature flag in your `main.ts` file.
[16:11:57.499] [INFO] Starting...
[16:11:57.562] [DEBUG] Starting preview..
[16:11:57.590] [WARN] 🚨 Unable to index ./cheatsheets/clip-path/README.mdx:
  Error: Could not parse expression with acorn
    at file:///Users/zhanghuabin/Projects/learning/frontend/framework/canvas/fabric.js/node_modules/storybook/dist/core-server/index.js:19167:24
    at async Promise.all (index 0)
    at async Promise.all (index 20)
    at async _StoryIndexGenerator.updateExtracted (file:///Users/zhanghuabin/Projects/learning/frontend/framework/canvas/fabric.js/node_modules/storybook/dist/core-server/index.js:19150:5)
    at async _StoryIndexGenerator.ensureExtracted (file:///Users/zhanghuabin/Projects/learning/frontend/framework/canvas/fabric.js/node_modules/storybook/dist/core-server/index.js:19187:8)
    at async _StoryIndexGenerator.initialize (file:///Users/zhanghuabin/Projects/learning/frontend/framework/canvas/fabric.js/node_modules/storybook/dist/core-server/index.js:19146:5)
    at async file:///Users/zhanghuabin/Projects/learning/frontend/framework/canvas/fabric.js/node_modules/storybook/dist/core-server/presets/common-preset.js:2047:10
    at async Object.services (file:///Users/zhanghuabin/Projects/learning/frontend/framework/canvas/fabric.js/node_modules/storybook/dist/core-server/presets/common-preset.js:2009:30)
    at async buildDevStandalone (file:///Users/zhanghuabin/Projects/learning/frontend/framework/canvas/fabric.js/node_modules/storybook/dist/core-server/index.js:11984:32)
    at async withTelemetry (file:///Users/zhanghuabin/Projects/learning/frontend/framework/canvas/fabric.js/node_modules/storybook/dist/_node-chunks/chunk-PUL3B5RN.js:1785:12)
[16:11:57.592] [ERROR] Failed to build the preview
[16:11:57.595] [ERROR] Error: Unable to index ./cheatsheets/clip-path/README.mdx
    at _StoryIndexGenerator.getIndexAndStats (file://./node_modules/storybook/dist/core-server/index.js:19416:15)
    at async _StoryIndexGenerator.getIndex (file://./node_modules/storybook/dist/core-server/index.js:19405:13)
    at async BasicMinimalPluginContext.config (file://./node_modules/@storybook/builder-vite/dist/_node-chunks/chunk-BWU7QXG7.js:188:19)
    at async runConfigHook (file://./node_modules/vite/dist/node/chunks/node.js:37038:15)
    at async resolveConfig (file://./node_modules/vite/dist/node/chunks/node.js:36458:11)
    at async _createServer (file://./node_modules/vite/dist/node/chunks/node.js:26269:65)
    at async Module.start (file://./node_modules/@storybook/builder-vite/dist/index.js:1621:17)
    at async storybookDevServer (file://./node_modules/storybook/dist/core-server/index.js:11225:59)
    at async buildOrThrow (file://./node_modules/storybook/dist/core-server/index.js:8331:12)
    at async buildDevStandalone (file://./node_modules/storybook/dist/core-server/index.js:11990:41)
[16:11:57.596] [WARN] Broken build, fix the error above.
You may need to refresh the browser.